// Jest Snapshot v1, https://goo.gl/fbAQLP

exports[`update existing document in characters collection should update a character if correct values are provided 1`] = `
Object {
  "birth_year": "29BBY",
  "eye_color": "brown",
  "hair_color": "black",
  "height": 180,
  "is_male": true,
  "mass": 80,
  "name": "Han Solo",
  "skin_color": "fair",
}
`;
