// Jest Snapshot v1, https://goo.gl/fbAQLP

exports[`database operation handling create new document in characters collection should allow creation of a character from correct data 1`] = `
Object {
  "birth_year": "29BBY",
  "eye_color": "brown",
  "hair_color": "brown",
  "height": 180,
  "is_male": true,
  "mass": 80,
  "name": "Han Solo",
  "skin_color": "fair",
}
`;

exports[`database operation handling create new document in characters collection should disallow creation of a character from incorrect data 1`] = `"{\\"errors\\":{\\"is_male\\":{\\"message\\":\\"Path \`is_male\` is required.\\",\\"name\\":\\"ValidatorError\\",\\"properties\\":{\\"type\\":\\"required\\",\\"message\\":\\"Path \`{PATH}\` is required.\\",\\"path\\":\\"is_male\\"},\\"kind\\":\\"required\\",\\"path\\":\\"is_male\\"},\\"name\\":{\\"message\\":\\"Path \`name\` is required.\\",\\"name\\":\\"ValidatorError\\",\\"properties\\":{\\"type\\":\\"required\\",\\"message\\":\\"Path \`{PATH}\` is required.\\",\\"path\\":\\"name\\"},\\"kind\\":\\"required\\",\\"path\\":\\"name\\"}},\\"message\\":\\"Characters validation failed\\",\\"name\\":\\"ValidationError\\"}"`;

exports[`database operation handling delete document from characters collection should allow an existing character to be deleted 1`] = `null`;

exports[`database operation handling delete document from characters collection should return null on delete of non-existent character 1`] = `null`;

exports[`database operation handling read document from characters collection should read the correct data for an existing character 1`] = `
Object {
  "birth_year": "29BBY",
  "eye_color": "brown",
  "hair_color": "brown",
  "height": 180,
  "is_male": true,
  "mass": 80,
  "name": "Han Solo",
  "skin_color": "fair",
}
`;

exports[`database operation handling read document from characters collection should return null for a non-existent character 1`] = `null`;

exports[`database operation handling update existing document in characters collection should update a character if correct values are provided 1`] = `Object {}`;
