// Jest Snapshot v1, https://goo.gl/fbAQLP

exports[`read document from characters collection should read the correct data for an existing character 1`] = `
Object {
  "birth_year": "29BBY",
  "eye_color": "brown",
  "hair_color": "brown",
  "height": 180,
  "is_male": true,
  "mass": 80,
  "name": "Han Solo",
  "skin_color": "fair",
}
`;

exports[`read document from characters collection should return null for a non-existent character 1`] = `null`;
